  Determining projects to restore...
C:\Users\maiti\OneDrive\Desktop\NET\TechStore\src\TechStore.Infrastructure\TechStore.Infrastructure.csproj : warning NU1510: PackageReference Microsoft.Extensions.Configuration.Abstractions will not be pruned. Consider removing this package from your dependencies, as it is likely unnecessary. [C:\Users\maiti\OneDrive\Desktop\NET\TechStore\src\TechStore.API\TechStore.API.csproj]
C:\Users\maiti\OneDrive\Desktop\NET\TechStore\src\TechStore.Infrastructure\TechStore.Infrastructure.csproj : warning NU1510: PackageReference Microsoft.Extensions.DependencyInjection.Abstractions will not be pruned. Consider removing this package from your dependencies, as it is likely unnecessary. [C:\Users\maiti\OneDrive\Desktop\NET\TechStore\src\TechStore.API\TechStore.API.csproj]
  All projects are up-to-date for restore.
  TechStore.Shared -> C:\Users\maiti\OneDrive\Desktop\NET\TechStore\src\TechStore.Shared\bin\Debug\net10.0\TechStore.Shared.dll
C:\Users\maiti\OneDrive\Desktop\NET\TechStore\src\TechStore.Infrastructure\TechStore.Infrastructure.csproj : warning NU1510: PackageReference Microsoft.Extensions.Configuration.Abstractions will not be pruned. Consider removing this package from your dependencies, as it is likely unnecessary.
C:\Users\maiti\OneDrive\Desktop\NET\TechStore\src\TechStore.Infrastructure\TechStore.Infrastructure.csproj : warning NU1510: PackageReference Microsoft.Extensions.DependencyInjection.Abstractions will not be pruned. Consider removing this package from your dependencies, as it is likely unnecessary.
  TechStore.Domain -> C:\Users\maiti\OneDrive\Desktop\NET\TechStore\src\TechStore.Domain\bin\Debug\net10.0\TechStore.Domain.dll
  TechStore.Application -> C:\Users\maiti\OneDrive\Desktop\NET\TechStore\src\TechStore.Application\bin\Debug\net10.0\TechStore.Application.dll
  TechStore.Infrastructure -> C:\Users\maiti\OneDrive\Desktop\NET\TechStore\src\TechStore.Infrastructure\bin\Debug\net10.0\TechStore.Infrastructure.dll
  TechStore.API -> C:\Users\maiti\OneDrive\Desktop\NET\TechStore\src\TechStore.API\bin\Debug\net10.0\TechStore.API.dll

Build succeeded.

C:\Users\maiti\OneDrive\Desktop\NET\TechStore\src\TechStore.Infrastructure\TechStore.Infrastructure.csproj : warning NU1510: PackageReference Microsoft.Extensions.Configuration.Abstractions will not be pruned. Consider removing this package from your dependencies, as it is likely unnecessary. [C:\Users\maiti\OneDrive\Desktop\NET\TechStore\src\TechStore.API\TechStore.API.csproj]
C:\Users\maiti\OneDrive\Desktop\NET\TechStore\src\TechStore.Infrastructure\TechStore.Infrastructure.csproj : warning NU1510: PackageReference Microsoft.Extensions.DependencyInjection.Abstractions will not be pruned. Consider removing this package from your dependencies, as it is likely unnecessary. [C:\Users\maiti\OneDrive\Desktop\NET\TechStore\src\TechStore.API\TechStore.API.csproj]
C:\Users\maiti\OneDrive\Desktop\NET\TechStore\src\TechStore.Infrastructure\TechStore.Infrastructure.csproj : warning NU1510: PackageReference Microsoft.Extensions.Configuration.Abstractions will not be pruned. Consider removing this package from your dependencies, as it is likely unnecessary.
C:\Users\maiti\OneDrive\Desktop\NET\TechStore\src\TechStore.Infrastructure\TechStore.Infrastructure.csproj : warning NU1510: PackageReference Microsoft.Extensions.DependencyInjection.Abstractions will not be pruned. Consider removing this package from your dependencies, as it is likely unnecessary.
    4 Warning(s)
    0 Error(s)

Time Elapsed 00:00:08.41
